     1 00000000                                 [FORMAT "WCOFF"]
     2 00000000                                 [INSTRSET "i486p"]
     3 00000000                                 [OPTIMIZE 1]
     4 00000000                                 [OPTION 1]
     5 00000000                                 [BITS 32]
     6 00000000                                 	EXTERN	_sprintf
     7 00000000                                 	EXTERN	_io_stihlt
     8 00000000                                 	EXTERN	_hankaku
     9 00000000                                 	EXTERN	_io_load_eflags
    10 00000000                                 	EXTERN	_io_cli
    11 00000000                                 	EXTERN	_io_out8
    12 00000000                                 	EXTERN	_io_store_eflags
    13 00000000                                 [FILE "bootpack.c"]
    14                                          [SECTION .data]
    15 00000000                                 LC0:
    16 00000000 25 78 20 78 69 61 6F 6D 65 6E   	DB	"%x xiaomengmeng",0x00
       0000000A 67 6D 65 6E 67 00 
    17                                          [SECTION .text]
    18 00000000                                 	GLOBAL	_HariMain
    19 00000000                                 _HariMain:
    20 00000000 55                              	PUSH	EBP
    21 00000001 89 E5                           	MOV	EBP,ESP
    22 00000003 57                              	PUSH	EDI
    23 00000004 56                              	PUSH	ESI
    24 00000005 BE 00000002                     	MOV	ESI,2
    25 0000000A 53                              	PUSH	EBX
    26 0000000B 81 EC 00000178                  	SUB	ESP,376
    27 00000011 E8 000002DC                     	CALL	_init_palette
    28 00000016 0F BF 05 00000FF4               	MOVSX	EAX,WORD [4084]
    29 0000001D 0F BF 15 00000FF6               	MOVSX	EDX,WORD [4086]
    30 00000024 8D 48 F0                        	LEA	ECX,DWORD [-16+EAX]
    31 00000027 89 95 FFFFFE80                  	MOV	DWORD [-384+EBP],EDX
    32 0000002D 89 C8                           	MOV	EAX,ECX
    33 0000002F 8B 9D FFFFFE80                  	MOV	EBX,DWORD [-384+EBP]
    34 00000035 99                              	CDQ
    35 00000036 F7 FE                           	IDIV	ESI
    36 00000038 83 EB 2C                        	SUB	EBX,44
    37 0000003B 89 C7                           	MOV	EDI,EAX
    38 0000003D 89 D8                           	MOV	EAX,EBX
    39 0000003F 99                              	CDQ
    40 00000040 F7 FE                           	IDIV	ESI
    41 00000042 FF B5 FFFFFE80                  	PUSH	DWORD [-384+EBP]
    42 00000048 89 C3                           	MOV	EBX,EAX
    43 0000004A 8D B5 FFFFFEF4                  	LEA	ESI,DWORD [-268+EBP]
    44 00000050 0F BF 05 00000FF4               	MOVSX	EAX,WORD [4084]
    45 00000057 50                              	PUSH	EAX
    46 00000058 FF 35 00000FF8                  	PUSH	DWORD [4088]
    47 0000005E E8 00000104                     	CALL	_init_screen
    48 00000063 6A 0E                           	PUSH	14
    49 00000065 56                              	PUSH	ESI
    50 00000066 E8 00000372                     	CALL	_init_mouse_cursor8
    51 0000006B 6A 10                           	PUSH	16
    52 0000006D 56                              	PUSH	ESI
    53 0000006E 53                              	PUSH	EBX
    54 0000006F 8D 9D FFFFFE84                  	LEA	EBX,DWORD [-380+EBP]
    55 00000075 57                              	PUSH	EDI
    56 00000076 6A 10                           	PUSH	16
    57 00000078 6A 10                           	PUSH	16
    58 0000007A 0F BF 05 00000FF4               	MOVSX	EAX,WORD [4084]
    59 00000081 50                              	PUSH	EAX
    60 00000082 FF 35 00000FF8                  	PUSH	DWORD [4088]
    61 00000088 E8 000003AD                     	CALL	_putblock8_8
    62 0000008D 83 C4 34                        	ADD	ESP,52
    63 00000090 6A 20                           	PUSH	32
    64 00000092 68 [00000000]                   	PUSH	LC0
    65 00000097 53                              	PUSH	EBX
    66 00000098 E8 [00000000]                   	CALL	_sprintf
    67 0000009D 53                              	PUSH	EBX
    68 0000009E 6A 07                           	PUSH	7
    69 000000A0 6A 0A                           	PUSH	10
    70 000000A2 6A 0A                           	PUSH	10
    71 000000A4 0F BF 05 00000FF4               	MOVSX	EAX,WORD [4084]
    72 000000AB 50                              	PUSH	EAX
    73 000000AC FF 35 00000FF8                  	PUSH	DWORD [4088]
    74 000000B2 E8 00000063                     	CALL	_putfont8_asc
    75 000000B7 83 C4 24                        	ADD	ESP,36
    76 000000BA                                 L2:
    77 000000BA E8 [00000000]                   	CALL	_io_stihlt
    78 000000BF EB F9                           	JMP	L2
    79 000000C1                                 	GLOBAL	_putfont8
    80 000000C1                                 _putfont8:
    81 000000C1 55                              	PUSH	EBP
    82 000000C2 89 E5                           	MOV	EBP,ESP
    83 000000C4 57                              	PUSH	EDI
    84 000000C5 56                              	PUSH	ESI
    85 000000C6 53                              	PUSH	EBX
    86 000000C7 51                              	PUSH	ECX
    87 000000C8 51                              	PUSH	ECX
    88 000000C9 31 C9                           	XOR	ECX,ECX
    89 000000CB 8A 45 18                        	MOV	AL,BYTE [24+EBP]
    90 000000CE 88 45 F3                        	MOV	BYTE [-13+EBP],AL
    91 000000D1                                 L15:
    92 000000D1 8B 45 1C                        	MOV	EAX,DWORD [28+EBP]
    93 000000D4 BA 00000080                     	MOV	EDX,128
    94 000000D9 31 DB                           	XOR	EBX,EBX
    95 000000DB 8A 04 01                        	MOV	AL,BYTE [ECX+EAX*1]
    96 000000DE 88 45 F2                        	MOV	BYTE [-14+EBP],AL
    97 000000E1                                 L14:
    98 000000E1 0F BE 45 F2                     	MOVSX	EAX,BYTE [-14+EBP]
    99 000000E5 85 D0                           	TEST	EAX,EDX
   100 000000E7 74 1D                           	JE	L13
   101 000000E9 8B 45 14                        	MOV	EAX,DWORD [20+EBP]
   102 000000EC 8B 75 08                        	MOV	ESI,DWORD [8+EBP]
   103 000000EF 01 C8                           	ADD	EAX,ECX
   104 000000F1 0F AF 45 0C                     	IMUL	EAX,DWORD [12+EBP]
   105 000000F5 03 45 10                        	ADD	EAX,DWORD [16+EBP]
   106 000000F8 01 D8                           	ADD	EAX,EBX
   107 000000FA 89 45 EC                        	MOV	DWORD [-20+EBP],EAX
   108 000000FD 8A 45 F3                        	MOV	AL,BYTE [-13+EBP]
   109 00000100 8B 7D EC                        	MOV	EDI,DWORD [-20+EBP]
   110 00000103 88 04 37                        	MOV	BYTE [EDI+ESI*1],AL
   111 00000106                                 L13:
   112 00000106 D1 FA                           	SAR	EDX,1
   113 00000108 43                              	INC	EBX
   114 00000109 85 D2                           	TEST	EDX,EDX
   115 0000010B 7F D4                           	JG	L14
   116 0000010D 41                              	INC	ECX
   117 0000010E 83 F9 0F                        	CMP	ECX,15
   118 00000111 7E BE                           	JLE	L15
   119 00000113 58                              	POP	EAX
   120 00000114 5A                              	POP	EDX
   121 00000115 5B                              	POP	EBX
   122 00000116 5E                              	POP	ESI
   123 00000117 5F                              	POP	EDI
   124 00000118 5D                              	POP	EBP
   125 00000119 C3                              	RET
   126 0000011A                                 	GLOBAL	_putfont8_asc
   127 0000011A                                 _putfont8_asc:
   128 0000011A 55                              	PUSH	EBP
   129 0000011B 89 E5                           	MOV	EBP,ESP
   130 0000011D 57                              	PUSH	EDI
   131 0000011E 56                              	PUSH	ESI
   132 0000011F 53                              	PUSH	EBX
   133 00000120 53                              	PUSH	EBX
   134 00000121 8B 5D 1C                        	MOV	EBX,DWORD [28+EBP]
   135 00000124 8A 45 18                        	MOV	AL,BYTE [24+EBP]
   136 00000127 88 45 F3                        	MOV	BYTE [-13+EBP],AL
   137 0000012A 8B 7D 14                        	MOV	EDI,DWORD [20+EBP]
   138 0000012D 80 3B 00                        	CMP	BYTE [EBX],0
   139 00000130 74 2D                           	JE	L27
   140 00000132 8B 75 10                        	MOV	ESI,DWORD [16+EBP]
   141 00000135                                 L25:
   142 00000135 0F BE 03                        	MOVSX	EAX,BYTE [EBX]
   143 00000138 C1 E0 04                        	SAL	EAX,4
   144 0000013B 43                              	INC	EBX
   145 0000013C 05 [00000000]                   	ADD	EAX,_hankaku
   146 00000141 50                              	PUSH	EAX
   147 00000142 0F BE 45 F3                     	MOVSX	EAX,BYTE [-13+EBP]
   148 00000146 50                              	PUSH	EAX
   149 00000147 57                              	PUSH	EDI
   150 00000148 56                              	PUSH	ESI
   151 00000149 83 C6 0A                        	ADD	ESI,10
   152 0000014C FF 75 0C                        	PUSH	DWORD [12+EBP]
   153 0000014F FF 75 08                        	PUSH	DWORD [8+EBP]
   154 00000152 E8 FFFFFF6A                     	CALL	_putfont8
   155 00000157 83 C4 18                        	ADD	ESP,24
   156 0000015A 80 3B 00                        	CMP	BYTE [EBX],0
   157 0000015D 75 D6                           	JNE	L25
   158 0000015F                                 L27:
   159 0000015F 8D 65 F4                        	LEA	ESP,DWORD [-12+EBP]
   160 00000162 5B                              	POP	EBX
   161 00000163 5E                              	POP	ESI
   162 00000164 5F                              	POP	EDI
   163 00000165 5D                              	POP	EBP
   164 00000166 C3                              	RET
   165 00000167                                 	GLOBAL	_init_screen
   166 00000167                                 _init_screen:
   167 00000167 55                              	PUSH	EBP
   168 00000168 89 E5                           	MOV	EBP,ESP
   169 0000016A 57                              	PUSH	EDI
   170 0000016B 56                              	PUSH	ESI
   171 0000016C 53                              	PUSH	EBX
   172 0000016D 83 EC 0C                        	SUB	ESP,12
   173 00000170 8B 45 10                        	MOV	EAX,DWORD [16+EBP]
   174 00000173 8B 7D 0C                        	MOV	EDI,DWORD [12+EBP]
   175 00000176 83 E8 1D                        	SUB	EAX,29
   176 00000179 4F                              	DEC	EDI
   177 0000017A 50                              	PUSH	EAX
   178 0000017B 57                              	PUSH	EDI
   179 0000017C 6A 00                           	PUSH	0
   180 0000017E 6A 00                           	PUSH	0
   181 00000180 6A 0E                           	PUSH	14
   182 00000182 FF 75 0C                        	PUSH	DWORD [12+EBP]
   183 00000185 FF 75 08                        	PUSH	DWORD [8+EBP]
   184 00000188 E8 00000200                     	CALL	_boxfill8
   185 0000018D 8B 45 10                        	MOV	EAX,DWORD [16+EBP]
   186 00000190 83 E8 1C                        	SUB	EAX,28
   187 00000193 50                              	PUSH	EAX
   188 00000194 57                              	PUSH	EDI
   189 00000195 50                              	PUSH	EAX
   190 00000196 6A 00                           	PUSH	0
   191 00000198 6A 08                           	PUSH	8
   192 0000019A FF 75 0C                        	PUSH	DWORD [12+EBP]
   193 0000019D FF 75 08                        	PUSH	DWORD [8+EBP]
   194 000001A0 E8 000001E8                     	CALL	_boxfill8
   195 000001A5 8B 45 10                        	MOV	EAX,DWORD [16+EBP]
   196 000001A8 83 C4 38                        	ADD	ESP,56
   197 000001AB 83 E8 1B                        	SUB	EAX,27
   198 000001AE 50                              	PUSH	EAX
   199 000001AF 57                              	PUSH	EDI
   200 000001B0 50                              	PUSH	EAX
   201 000001B1 6A 00                           	PUSH	0
   202 000001B3 6A 07                           	PUSH	7
   203 000001B5 FF 75 0C                        	PUSH	DWORD [12+EBP]
   204 000001B8 FF 75 08                        	PUSH	DWORD [8+EBP]
   205 000001BB E8 000001CD                     	CALL	_boxfill8
   206 000001C0 8B 45 10                        	MOV	EAX,DWORD [16+EBP]
   207 000001C3 48                              	DEC	EAX
   208 000001C4 50                              	PUSH	EAX
   209 000001C5 8B 45 10                        	MOV	EAX,DWORD [16+EBP]
   210 000001C8 57                              	PUSH	EDI
   211 000001C9 83 E8 1A                        	SUB	EAX,26
   212 000001CC 50                              	PUSH	EAX
   213 000001CD 6A 00                           	PUSH	0
   214 000001CF 6A 08                           	PUSH	8
   215 000001D1 FF 75 0C                        	PUSH	DWORD [12+EBP]
   216 000001D4 FF 75 08                        	PUSH	DWORD [8+EBP]
   217 000001D7 E8 000001B1                     	CALL	_boxfill8
   218 000001DC 8B 75 10                        	MOV	ESI,DWORD [16+EBP]
   219 000001DF 83 C4 38                        	ADD	ESP,56
   220 000001E2 83 EE 18                        	SUB	ESI,24
   221 000001E5 56                              	PUSH	ESI
   222 000001E6 6A 3B                           	PUSH	59
   223 000001E8 56                              	PUSH	ESI
   224 000001E9 6A 03                           	PUSH	3
   225 000001EB 6A 07                           	PUSH	7
   226 000001ED FF 75 0C                        	PUSH	DWORD [12+EBP]
   227 000001F0 FF 75 08                        	PUSH	DWORD [8+EBP]
   228 000001F3 E8 00000195                     	CALL	_boxfill8
   229 000001F8 8B 45 10                        	MOV	EAX,DWORD [16+EBP]
   230 000001FB 83 E8 04                        	SUB	EAX,4
   231 000001FE 50                              	PUSH	EAX
   232 000001FF 89 45 F0                        	MOV	DWORD [-16+EBP],EAX
   233 00000202 6A 02                           	PUSH	2
   234 00000204 56                              	PUSH	ESI
   235 00000205 6A 02                           	PUSH	2
   236 00000207 6A 07                           	PUSH	7
   237 00000209 FF 75 0C                        	PUSH	DWORD [12+EBP]
   238 0000020C FF 75 08                        	PUSH	DWORD [8+EBP]
   239 0000020F E8 00000179                     	CALL	_boxfill8
   240 00000214 83 C4 38                        	ADD	ESP,56
   241 00000217 FF 75 F0                        	PUSH	DWORD [-16+EBP]
   242 0000021A 6A 3B                           	PUSH	59
   243 0000021C FF 75 F0                        	PUSH	DWORD [-16+EBP]
   244 0000021F 6A 03                           	PUSH	3
   245 00000221 6A 0F                           	PUSH	15
   246 00000223 FF 75 0C                        	PUSH	DWORD [12+EBP]
   247 00000226 FF 75 08                        	PUSH	DWORD [8+EBP]
   248 00000229 E8 0000015F                     	CALL	_boxfill8
   249 0000022E 8B 45 10                        	MOV	EAX,DWORD [16+EBP]
   250 00000231 83 E8 05                        	SUB	EAX,5
   251 00000234 50                              	PUSH	EAX
   252 00000235 8B 45 10                        	MOV	EAX,DWORD [16+EBP]
   253 00000238 6A 3B                           	PUSH	59
   254 0000023A 83 E8 17                        	SUB	EAX,23
   255 0000023D 50                              	PUSH	EAX
   256 0000023E 89 45 EC                        	MOV	DWORD [-20+EBP],EAX
   257 00000241 6A 3B                           	PUSH	59
   258 00000243 6A 0F                           	PUSH	15
   259 00000245 FF 75 0C                        	PUSH	DWORD [12+EBP]
   260 00000248 FF 75 08                        	PUSH	DWORD [8+EBP]
   261 0000024B E8 0000013D                     	CALL	_boxfill8
   262 00000250 8B 45 10                        	MOV	EAX,DWORD [16+EBP]
   263 00000253 83 C4 38                        	ADD	ESP,56
   264 00000256 83 E8 03                        	SUB	EAX,3
   265 00000259 89 45 E8                        	MOV	DWORD [-24+EBP],EAX
   266 0000025C 50                              	PUSH	EAX
   267 0000025D 6A 3B                           	PUSH	59
   268 0000025F 50                              	PUSH	EAX
   269 00000260 6A 02                           	PUSH	2
   270 00000262 6A 00                           	PUSH	0
   271 00000264 FF 75 0C                        	PUSH	DWORD [12+EBP]
   272 00000267 FF 75 08                        	PUSH	DWORD [8+EBP]
   273 0000026A E8 0000011E                     	CALL	_boxfill8
   274 0000026F FF 75 E8                        	PUSH	DWORD [-24+EBP]
   275 00000272 6A 3C                           	PUSH	60
   276 00000274 56                              	PUSH	ESI
   277 00000275 6A 3C                           	PUSH	60
   278 00000277 6A 00                           	PUSH	0
   279 00000279 FF 75 0C                        	PUSH	DWORD [12+EBP]
   280 0000027C FF 75 08                        	PUSH	DWORD [8+EBP]
   281 0000027F E8 00000109                     	CALL	_boxfill8
   282 00000284 8B 7D 0C                        	MOV	EDI,DWORD [12+EBP]
   283 00000287 83 C4 38                        	ADD	ESP,56
   284 0000028A 8B 5D 0C                        	MOV	EBX,DWORD [12+EBP]
   285 0000028D 83 EB 04                        	SUB	EBX,4
   286 00000290 83 EF 2F                        	SUB	EDI,47
   287 00000293 56                              	PUSH	ESI
   288 00000294 53                              	PUSH	EBX
   289 00000295 56                              	PUSH	ESI
   290 00000296 57                              	PUSH	EDI
   291 00000297 6A 0F                           	PUSH	15
   292 00000299 FF 75 0C                        	PUSH	DWORD [12+EBP]
   293 0000029C FF 75 08                        	PUSH	DWORD [8+EBP]
   294 0000029F E8 000000E9                     	CALL	_boxfill8
   295 000002A4 FF 75 F0                        	PUSH	DWORD [-16+EBP]
   296 000002A7 57                              	PUSH	EDI
   297 000002A8 FF 75 EC                        	PUSH	DWORD [-20+EBP]
   298 000002AB 57                              	PUSH	EDI
   299 000002AC 6A 0F                           	PUSH	15
   300 000002AE FF 75 0C                        	PUSH	DWORD [12+EBP]
   301 000002B1 FF 75 08                        	PUSH	DWORD [8+EBP]
   302 000002B4 E8 000000D4                     	CALL	_boxfill8
   303 000002B9 83 C4 38                        	ADD	ESP,56
   304 000002BC FF 75 E8                        	PUSH	DWORD [-24+EBP]
   305 000002BF 53                              	PUSH	EBX
   306 000002C0 FF 75 E8                        	PUSH	DWORD [-24+EBP]
   307 000002C3 57                              	PUSH	EDI
   308 000002C4 6A 07                           	PUSH	7
   309 000002C6 FF 75 0C                        	PUSH	DWORD [12+EBP]
   310 000002C9 FF 75 08                        	PUSH	DWORD [8+EBP]
   311 000002CC E8 000000BC                     	CALL	_boxfill8
   312 000002D1 8B 45 0C                        	MOV	EAX,DWORD [12+EBP]
   313 000002D4 FF 75 E8                        	PUSH	DWORD [-24+EBP]
   314 000002D7 83 E8 03                        	SUB	EAX,3
   315 000002DA 50                              	PUSH	EAX
   316 000002DB 56                              	PUSH	ESI
   317 000002DC 50                              	PUSH	EAX
   318 000002DD 6A 07                           	PUSH	7
   319 000002DF FF 75 0C                        	PUSH	DWORD [12+EBP]
   320 000002E2 FF 75 08                        	PUSH	DWORD [8+EBP]
   321 000002E5 E8 000000A3                     	CALL	_boxfill8
   322 000002EA 8D 65 F4                        	LEA	ESP,DWORD [-12+EBP]
   323 000002ED 5B                              	POP	EBX
   324 000002EE 5E                              	POP	ESI
   325 000002EF 5F                              	POP	EDI
   326 000002F0 5D                              	POP	EBP
   327 000002F1 C3                              	RET
   328                                          [SECTION .data]
   329 00000010                                 _table_rgb.0:
   330 00000010 00                              	DB	0
   331 00000011 00                              	DB	0
   332 00000012 00                              	DB	0
   333 00000013 FF                              	DB	-1
   334 00000014 00                              	DB	0
   335 00000015 00                              	DB	0
   336 00000016 00                              	DB	0
   337 00000017 FF                              	DB	-1
   338 00000018 00                              	DB	0
   339 00000019 FF                              	DB	-1
   340 0000001A FF                              	DB	-1
   341 0000001B 00                              	DB	0
   342 0000001C 00                              	DB	0
   343 0000001D 00                              	DB	0
   344 0000001E FF                              	DB	-1
   345 0000001F FF                              	DB	-1
   346 00000020 00                              	DB	0
   347 00000021 FF                              	DB	-1
   348 00000022 00                              	DB	0
   349 00000023 FF                              	DB	-1
   350 00000024 FF                              	DB	-1
   351 00000025 FF                              	DB	-1
   352 00000026 FF                              	DB	-1
   353 00000027 FF                              	DB	-1
   354 00000028 C6                              	DB	-58
   355 00000029 C6                              	DB	-58
   356 0000002A C6                              	DB	-58
   357 0000002B 84                              	DB	-124
   358 0000002C 00                              	DB	0
   359 0000002D 00                              	DB	0
   360 0000002E 00                              	DB	0
   361 0000002F 84                              	DB	-124
   362 00000030 00                              	DB	0
   363 00000031 84                              	DB	-124
   364 00000032 84                              	DB	-124
   365 00000033 00                              	DB	0
   366 00000034 00                              	DB	0
   367 00000035 00                              	DB	0
   368 00000036 84                              	DB	-124
   369 00000037 84                              	DB	-124
   370 00000038 00                              	DB	0
   371 00000039 84                              	DB	-124
   372 0000003A 00                              	DB	0
   373 0000003B 84                              	DB	-124
   374 0000003C 84                              	DB	-124
   375 0000003D 84                              	DB	-124
   376 0000003E 84                              	DB	-124
   377 0000003F 84                              	DB	-124
   378                                          [SECTION .text]
   379 000002F2                                 	GLOBAL	_init_palette
   380 000002F2                                 _init_palette:
   381 000002F2 55                              	PUSH	EBP
   382 000002F3 89 E5                           	MOV	EBP,ESP
   383 000002F5 68 [00000010]                   	PUSH	_table_rgb.0
   384 000002FA 6A 0F                           	PUSH	15
   385 000002FC 6A 00                           	PUSH	0
   386 000002FE E8 00000002                     	CALL	_set_palette
   387 00000303 C9                              	LEAVE
   388 00000304 C3                              	RET
   389 00000305                                 	GLOBAL	_set_palette
   390 00000305                                 _set_palette:
   391 00000305 55                              	PUSH	EBP
   392 00000306 89 E5                           	MOV	EBP,ESP
   393 00000308 57                              	PUSH	EDI
   394 00000309 56                              	PUSH	ESI
   395 0000030A 53                              	PUSH	EBX
   396 0000030B 51                              	PUSH	ECX
   397 0000030C 8B 5D 08                        	MOV	EBX,DWORD [8+EBP]
   398 0000030F 8B 7D 0C                        	MOV	EDI,DWORD [12+EBP]
   399 00000312 8B 75 10                        	MOV	ESI,DWORD [16+EBP]
   400 00000315 E8 [00000000]                   	CALL	_io_load_eflags
   401 0000031A 89 45 F0                        	MOV	DWORD [-16+EBP],EAX
   402 0000031D E8 [00000000]                   	CALL	_io_cli
   403 00000322 53                              	PUSH	EBX
   404 00000323 68 000003C8                     	PUSH	968
   405 00000328 E8 [00000000]                   	CALL	_io_out8
   406 0000032D 39 FB                           	CMP	EBX,EDI
   407 0000032F 58                              	POP	EAX
   408 00000330 5A                              	POP	EDX
   409 00000331 7E 12                           	JLE	L35
   410 00000333                                 L37:
   411 00000333 8B 45 F0                        	MOV	EAX,DWORD [-16+EBP]
   412 00000336 89 45 08                        	MOV	DWORD [8+EBP],EAX
   413 00000339 8D 65 F4                        	LEA	ESP,DWORD [-12+EBP]
   414 0000033C 5B                              	POP	EBX
   415 0000033D 5E                              	POP	ESI
   416 0000033E 5F                              	POP	EDI
   417 0000033F 5D                              	POP	EBP
   418 00000340 E9 [00000000]                   	JMP	_io_store_eflags
   419 00000345                                 L35:
   420 00000345 8A 06                           	MOV	AL,BYTE [ESI]
   421 00000347 43                              	INC	EBX
   422 00000348 C0 E8 02                        	SHR	AL,2
   423 0000034B 0F B6 C0                        	MOVZX	EAX,AL
   424 0000034E 50                              	PUSH	EAX
   425 0000034F 68 000003C9                     	PUSH	969
   426 00000354 E8 [00000000]                   	CALL	_io_out8
   427 00000359 8A 46 01                        	MOV	AL,BYTE [1+ESI]
   428 0000035C C0 E8 02                        	SHR	AL,2
   429 0000035F 0F B6 C0                        	MOVZX	EAX,AL
   430 00000362 50                              	PUSH	EAX
   431 00000363 68 000003C9                     	PUSH	969
   432 00000368 E8 [00000000]                   	CALL	_io_out8
   433 0000036D 8A 46 02                        	MOV	AL,BYTE [2+ESI]
   434 00000370 C0 E8 02                        	SHR	AL,2
   435 00000373 83 C6 03                        	ADD	ESI,3
   436 00000376 0F B6 C0                        	MOVZX	EAX,AL
   437 00000379 50                              	PUSH	EAX
   438 0000037A 68 000003C9                     	PUSH	969
   439 0000037F E8 [00000000]                   	CALL	_io_out8
   440 00000384 83 C4 18                        	ADD	ESP,24
   441 00000387 39 FB                           	CMP	EBX,EDI
   442 00000389 7E BA                           	JLE	L35
   443 0000038B EB A6                           	JMP	L37
   444 0000038D                                 	GLOBAL	_boxfill8
   445 0000038D                                 _boxfill8:
   446 0000038D 55                              	PUSH	EBP
   447 0000038E 89 E5                           	MOV	EBP,ESP
   448 00000390 57                              	PUSH	EDI
   449 00000391 56                              	PUSH	ESI
   450 00000392 53                              	PUSH	EBX
   451 00000393 83 EC 0C                        	SUB	ESP,12
   452 00000396 8B 7D 1C                        	MOV	EDI,DWORD [28+EBP]
   453 00000399 8A 45 10                        	MOV	AL,BYTE [16+EBP]
   454 0000039C 8B 5D 14                        	MOV	EBX,DWORD [20+EBP]
   455 0000039F 8B 75 20                        	MOV	ESI,DWORD [32+EBP]
   456 000003A2 88 45 F3                        	MOV	BYTE [-13+EBP],AL
   457 000003A5 39 FB                           	CMP	EBX,EDI
   458 000003A7 7F 2C                           	JG	L50
   459 000003A9                                 L48:
   460 000003A9 8B 4D 18                        	MOV	ECX,DWORD [24+EBP]
   461 000003AC 39 F1                           	CMP	ECX,ESI
   462 000003AE 7F 20                           	JG	L52
   463 000003B0 8B 55 0C                        	MOV	EDX,DWORD [12+EBP]
   464 000003B3 8B 45 08                        	MOV	EAX,DWORD [8+EBP]
   465 000003B6 0F AF D1                        	IMUL	EDX,ECX
   466 000003B9 01 D8                           	ADD	EAX,EBX
   467 000003BB 89 45 EC                        	MOV	DWORD [-20+EBP],EAX
   468 000003BE 89 D0                           	MOV	EAX,EDX
   469 000003C0 03 45 EC                        	ADD	EAX,DWORD [-20+EBP]
   470 000003C3                                 L47:
   471 000003C3 8A 55 F3                        	MOV	DL,BYTE [-13+EBP]
   472 000003C6 41                              	INC	ECX
   473 000003C7 88 10                           	MOV	BYTE [EAX],DL
   474 000003C9 03 45 0C                        	ADD	EAX,DWORD [12+EBP]
   475 000003CC 39 F1                           	CMP	ECX,ESI
   476 000003CE 7E F3                           	JLE	L47
   477 000003D0                                 L52:
   478 000003D0 43                              	INC	EBX
   479 000003D1 39 FB                           	CMP	EBX,EDI
   480 000003D3 7E D4                           	JLE	L48
   481 000003D5                                 L50:
   482 000003D5 83 C4 0C                        	ADD	ESP,12
   483 000003D8 5B                              	POP	EBX
   484 000003D9 5E                              	POP	ESI
   485 000003DA 5F                              	POP	EDI
   486 000003DB 5D                              	POP	EBP
   487 000003DC C3                              	RET
   488                                          [SECTION .data]
   489 00000040                                 _cursor.1:
   490 00000040 2A 2A 2A 2A 2A 2A 2A 2A 2A 2A   	DB	"**************.."
       0000004A 2A 2A 2A 2A 2E 2E 
   491 00000050 2A 4F 4F 4F 4F 4F 4F 4F 4F 4F   	DB	"*OOOOOOOOOOO*..."
       0000005A 4F 4F 2A 2E 2E 2E 
   492 00000060 2A 4F 4F 4F 4F 4F 4F 4F 4F 4F   	DB	"*OOOOOOOOOO*...."
       0000006A 4F 2A 2E 2E 2E 2E 
   493 00000070 2A 4F 4F 4F 4F 4F 4F 4F 4F 4F   	DB	"*OOOOOOOOO*....."
       0000007A 2A 2E 2E 2E 2E 2E 
   494 00000080 2A 4F 4F 4F 4F 4F 4F 4F 4F 2A   	DB	"*OOOOOOOO*......"
       0000008A 2E 2E 2E 2E 2E 2E 
   495 00000090 2A 4F 4F 4F 4F 4F 4F 4F 2A 2E   	DB	"*OOOOOOO*......."
       0000009A 2E 2E 2E 2E 2E 2E 
   496 000000A0 2A 4F 4F 4F 4F 4F 4F 4F 2A 2E   	DB	"*OOOOOOO*......."
       000000AA 2E 2E 2E 2E 2E 2E 
   497 000000B0 2A 4F 4F 4F 4F 4F 4F 4F 4F 2A   	DB	"*OOOOOOOO*......"
       000000BA 2E 2E 2E 2E 2E 2E 
   498 000000C0 2A 4F 4F 4F 4F 2A 2A 4F 4F 4F   	DB	"*OOOO**OOO*....."
       000000CA 2A 2E 2E 2E 2E 2E 
   499 000000D0 2A 4F 4F 4F 2A 2E 2E 2A 4F 4F   	DB	"*OOO*..*OOO*...."
       000000DA 4F 2A 2E 2E 2E 2E 
   500 000000E0 2A 4F 4F 2A 2E 2E 2E 2E 2A 4F   	DB	"*OO*....*OOO*..."
       000000EA 4F 4F 2A 2E 2E 2E 
   501 000000F0 2A 4F 2A 2E 2E 2E 2E 2E 2E 2A   	DB	"*O*......*OOO*.."
       000000FA 4F 4F 4F 2A 2E 2E 
   502 00000100 2A 2A 2E 2E 2E 2E 2E 2E 2E 2E   	DB	"**........*OOO*."
       0000010A 2A 4F 4F 4F 2A 2E 
   503 00000110 2A 2E 2E 2E 2E 2E 2E 2E 2E 2E   	DB	"*..........*OOO*"
       0000011A 2E 2A 4F 4F 4F 2A 
   504 00000120 2E 2E 2E 2E 2E 2E 2E 2E 2E 2E   	DB	"............*OO*"
       0000012A 2E 2E 2A 4F 4F 2A 
   505 00000130 2E 2E 2E 2E 2E 2E 2E 2E 2E 2E   	DB	".............***"
       0000013A 2E 2E 2E 2A 2A 2A 
   506                                          [SECTION .text]
   507 000003DD                                 	GLOBAL	_init_mouse_cursor8
   508 000003DD                                 _init_mouse_cursor8:
   509 000003DD 55                              	PUSH	EBP
   510 000003DE 89 E5                           	MOV	EBP,ESP
   511 000003E0 57                              	PUSH	EDI
   512 000003E1 56                              	PUSH	ESI
   513 000003E2 31 FF                           	XOR	EDI,EDI
   514 000003E4 53                              	PUSH	EBX
   515 000003E5 56                              	PUSH	ESI
   516 000003E6 31 DB                           	XOR	EBX,EBX
   517 000003E8 8A 45 0C                        	MOV	AL,BYTE [12+EBP]
   518 000003EB 8B 75 08                        	MOV	ESI,DWORD [8+EBP]
   519 000003EE 88 45 F3                        	MOV	BYTE [-13+EBP],AL
   520 000003F1                                 L66:
   521 000003F1 31 D2                           	XOR	EDX,EDX
   522 000003F3                                 L65:
   523 000003F3 8D 04 3A                        	LEA	EAX,DWORD [EDX+EDI*1]
   524 000003F6 80 B8 [00000040] 2A             	CMP	BYTE [_cursor.1+EAX],42
   525 000003FD 74 35                           	JE	L71
   526 000003FF                                 L62:
   527 000003FF 80 B8 [00000040] 4F             	CMP	BYTE [_cursor.1+EAX],79
   528 00000406 74 26                           	JE	L72
   529 00000408                                 L63:
   530 00000408 80 B8 [00000040] 2E             	CMP	BYTE [_cursor.1+EAX],46
   531 0000040F 74 15                           	JE	L73
   532 00000411                                 L60:
   533 00000411 42                              	INC	EDX
   534 00000412 83 FA 0F                        	CMP	EDX,15
   535 00000415 7E DC                           	JLE	L65
   536 00000417 43                              	INC	EBX
   537 00000418 83 C7 10                        	ADD	EDI,16
   538 0000041B 83 FB 0F                        	CMP	EBX,15
   539 0000041E 7E D1                           	JLE	L66
   540 00000420 5B                              	POP	EBX
   541 00000421 5B                              	POP	EBX
   542 00000422 5E                              	POP	ESI
   543 00000423 5F                              	POP	EDI
   544 00000424 5D                              	POP	EBP
   545 00000425 C3                              	RET
   546 00000426                                 L73:
   547 00000426 8A 4D F3                        	MOV	CL,BYTE [-13+EBP]
   548 00000429 88 0C 30                        	MOV	BYTE [EAX+ESI*1],CL
   549 0000042C EB E3                           	JMP	L60
   550 0000042E                                 L72:
   551 0000042E C6 04 30 07                     	MOV	BYTE [EAX+ESI*1],7
   552 00000432 EB D4                           	JMP	L63
   553 00000434                                 L71:
   554 00000434 C6 04 30 00                     	MOV	BYTE [EAX+ESI*1],0
   555 00000438 EB C5                           	JMP	L62
   556 0000043A                                 	GLOBAL	_putblock8_8
   557 0000043A                                 _putblock8_8:
   558 0000043A 55                              	PUSH	EBP
   559 0000043B 89 E5                           	MOV	EBP,ESP
   560 0000043D 57                              	PUSH	EDI
   561 0000043E 56                              	PUSH	ESI
   562 0000043F 31 F6                           	XOR	ESI,ESI
   563 00000441 53                              	PUSH	EBX
   564 00000442 83 EC 0C                        	SUB	ESP,12
   565 00000445 3B 75 14                        	CMP	ESI,DWORD [20+EBP]
   566 00000448 7D 3E                           	JGE	L86
   567 0000044A 31 FF                           	XOR	EDI,EDI
   568 0000044C                                 L84:
   569 0000044C 31 DB                           	XOR	EBX,EBX
   570 0000044E 3B 5D 10                        	CMP	EBX,DWORD [16+EBP]
   571 00000451 7D 2C                           	JGE	L88
   572 00000453 8B 45 20                        	MOV	EAX,DWORD [32+EBP]
   573 00000456 01 F8                           	ADD	EAX,EDI
   574 00000458 89 45 EC                        	MOV	DWORD [-20+EBP],EAX
   575 0000045B                                 L83:
   576 0000045B 8B 45 1C                        	MOV	EAX,DWORD [28+EBP]
   577 0000045E 8B 55 18                        	MOV	EDX,DWORD [24+EBP]
   578 00000461 01 F0                           	ADD	EAX,ESI
   579 00000463 01 DA                           	ADD	EDX,EBX
   580 00000465 0F AF 45 0C                     	IMUL	EAX,DWORD [12+EBP]
   581 00000469 01 D0                           	ADD	EAX,EDX
   582 0000046B 8B 4D 08                        	MOV	ECX,DWORD [8+EBP]
   583 0000046E 8B 55 EC                        	MOV	EDX,DWORD [-20+EBP]
   584 00000471 43                              	INC	EBX
   585 00000472 8A 12                           	MOV	DL,BYTE [EDX]
   586 00000474 88 14 08                        	MOV	BYTE [EAX+ECX*1],DL
   587 00000477 FF 45 EC                        	INC	DWORD [-20+EBP]
   588 0000047A 3B 5D 10                        	CMP	EBX,DWORD [16+EBP]
   589 0000047D 7C DC                           	JL	L83
   590 0000047F                                 L88:
   591 0000047F 46                              	INC	ESI
   592 00000480 03 7D 24                        	ADD	EDI,DWORD [36+EBP]
   593 00000483 3B 75 14                        	CMP	ESI,DWORD [20+EBP]
   594 00000486 7C C4                           	JL	L84
   595 00000488                                 L86:
   596 00000488 83 C4 0C                        	ADD	ESP,12
   597 0000048B 5B                              	POP	EBX
   598 0000048C 5E                              	POP	ESI
   599 0000048D 5F                              	POP	EDI
   600 0000048E 5D                              	POP	EBP
   601 0000048F C3                              	RET
